No se pudieron obtener subtítulos.

--- --list-subs (client=mweb) ---
[youtube] Extracting URL: https://www.youtube.com/watch?v=ab2wDkOD1GY
[youtube] ab2wDkOD1GY: Downloading webpage
[youtube] ab2wDkOD1GY: Downloading mweb client config
[youtube] ab2wDkOD1GY: Downloading mweb player API JSON
[youtube] ab2wDkOD1GY: Downloading player 27422632-main
WARNING: [youtube] Falling back to generic n function search
         player = https://www.youtube.com/s/player/27422632/player_ias.vflset/en_US/base.js
WARNING: [youtube] ab2wDkOD1GY: nsig extraction failed: Some formats may be missing
         n = goIdqsHp51U5QHHXA ; player = https://www.youtube.com/s/player/27422632/player_ias.vflset/en_US/base.js
         Please report this issue on  https://github.com/yt-dlp/yt-dlp/issues?q= , filling out the appropriate issue template. Confirm you are on the latest version using  yt-dlp -U
WARNING: [youtube] ab2wDkOD1GY: nsig extraction failed: Some formats may be missing
         n = tV_y0A9toCFnGaAB- ; player = https://www.youtube.com/s/player/27422632/player_ias.vflset/en_US/base.js
         Please report this issue on  https://github.com/yt-dlp/yt-dlp/issues?q= , filling out the appropriate issue template. Confirm you are on the latest version using  yt-dlp -U
ERROR: [youtube] ab2wDkOD1GY: The following content is not available on this app.. Watch on the latest version of YouTube.

--- --list-subs (client=tv) ---
[youtube] Extracting URL: https://www.youtube.com/watch?v=ab2wDkOD1GY
[youtube] ab2wDkOD1GY: Downloading webpage
[youtube] ab2wDkOD1GY: Downloading tv client config
[youtube] ab2wDkOD1GY: Downloading tv player API JSON
ERROR: [youtube] ab2wDkOD1GY: The following content is not available on this app.. Watch on the latest version of YouTube.

--- --list-subs (client=web) ---
[youtube] Extracting URL: https://www.youtube.com/watch?v=ab2wDkOD1GY
[youtube] ab2wDkOD1GY: Downloading webpage
ERROR: [youtube] ab2wDkOD1GY: The following content is not available on this app.. Watch on the latest version of YouTube.

--- --list-subs (client=android) ---
[youtube] Extracting URL: https://www.youtube.com/watch?v=ab2wDkOD1GY
[youtube] ab2wDkOD1GY: Downloading webpage
[youtube] ab2wDkOD1GY: Downloading android player API JSON
WARNING: [youtube] ab2wDkOD1GY: android client https formats require a GVS PO Token which was not provided. They will be skipped as they may yield HTTP Error 403. You can manually pass a GVS PO Token for this client with --extractor-args "youtube:po_token=android.gvs+XXX". For more information, refer to  https://github.com/yt-dlp/yt-dlp/wiki/PO-Token-Guide . To enable these broken formats anyway, pass --extractor-args "youtube:formats=missing_pot"
ab2wDkOD1GY has no automatic captions
ab2wDkOD1GY has no subtitles
