No se pudieron obtener subtítulos.

--- --list-subs (client=mweb) ---
[youtube] Extracting URL: https://www.youtube.com/watch?v=VR1Bwduc5C8
[youtube] VR1Bwduc5C8: Downloading webpage
[youtube] VR1Bwduc5C8: Downloading mweb client config
[youtube] VR1Bwduc5C8: Downloading mweb player API JSON
[youtube] VR1Bwduc5C8: Downloading player 27422632-main
WARNING: [youtube] Falling back to generic n function search
         player = https://www.youtube.com/s/player/27422632/player_ias.vflset/en_US/base.js
WARNING: [youtube] VR1Bwduc5C8: nsig extraction failed: Some formats may be missing
         n = _w_NXj9tjEtG6yQEu ; player = https://www.youtube.com/s/player/27422632/player_ias.vflset/en_US/base.js
         Please report this issue on  https://github.com/yt-dlp/yt-dlp/issues?q= , filling out the appropriate issue template. Confirm you are on the latest version using  yt-dlp -U
WARNING: [youtube] VR1Bwduc5C8: nsig extraction failed: Some formats may be missing
         n = zJYmP7JKGUU_7cT0O ; player = https://www.youtube.com/s/player/27422632/player_ias.vflset/en_US/base.js
         Please report this issue on  https://github.com/yt-dlp/yt-dlp/issues?q= , filling out the appropriate issue template. Confirm you are on the latest version using  yt-dlp -U
ERROR: [youtube] VR1Bwduc5C8: The following content is not available on this app.. Watch on the latest version of YouTube.

--- --list-subs (client=tv) ---
[youtube] Extracting URL: https://www.youtube.com/watch?v=VR1Bwduc5C8
[youtube] VR1Bwduc5C8: Downloading webpage
[youtube] VR1Bwduc5C8: Downloading tv client config
[youtube] VR1Bwduc5C8: Downloading tv player API JSON
ERROR: [youtube] VR1Bwduc5C8: The following content is not available on this app.. Watch on the latest version of YouTube.

--- --list-subs (client=web) ---
[youtube] Extracting URL: https://www.youtube.com/watch?v=VR1Bwduc5C8
[youtube] VR1Bwduc5C8: Downloading webpage
ERROR: [youtube] VR1Bwduc5C8: The following content is not available on this app.. Watch on the latest version of YouTube.

--- --list-subs (client=android) ---
[youtube] Extracting URL: https://www.youtube.com/watch?v=VR1Bwduc5C8
[youtube] VR1Bwduc5C8: Downloading webpage
[youtube] VR1Bwduc5C8: Downloading android player API JSON
WARNING: [youtube] VR1Bwduc5C8: android client https formats require a GVS PO Token which was not provided. They will be skipped as they may yield HTTP Error 403. You can manually pass a GVS PO Token for this client with --extractor-args "youtube:po_token=android.gvs+XXX". For more information, refer to  https://github.com/yt-dlp/yt-dlp/wiki/PO-Token-Guide . To enable these broken formats anyway, pass --extractor-args "youtube:formats=missing_pot"
VR1Bwduc5C8 has no automatic captions
VR1Bwduc5C8 has no subtitles
