No se pudieron obtener subtítulos.

--- --list-subs (client=mweb) ---
[youtube] Extracting URL: https://www.youtube.com/watch?v=HjbmfMn5qbo
[youtube] HjbmfMn5qbo: Downloading webpage
[youtube] HjbmfMn5qbo: Downloading mweb client config
[youtube] HjbmfMn5qbo: Downloading mweb player API JSON
[youtube] HjbmfMn5qbo: Downloading player 27422632-main
WARNING: [youtube] Falling back to generic n function search
         player = https://www.youtube.com/s/player/27422632/player_ias.vflset/en_US/base.js
WARNING: [youtube] HjbmfMn5qbo: nsig extraction failed: Some formats may be missing
         n = a0Ke32kUxU2IQV4vV ; player = https://www.youtube.com/s/player/27422632/player_ias.vflset/en_US/base.js
         Please report this issue on  https://github.com/yt-dlp/yt-dlp/issues?q= , filling out the appropriate issue template. Confirm you are on the latest version using  yt-dlp -U
WARNING: [youtube] HjbmfMn5qbo: nsig extraction failed: Some formats may be missing
         n = J3lghUcXHs7YZ-CiQ ; player = https://www.youtube.com/s/player/27422632/player_ias.vflset/en_US/base.js
         Please report this issue on  https://github.com/yt-dlp/yt-dlp/issues?q= , filling out the appropriate issue template. Confirm you are on the latest version using  yt-dlp -U
ERROR: [youtube] HjbmfMn5qbo: The following content is not available on this app.. Watch on the latest version of YouTube.

--- --list-subs (client=tv) ---
[youtube] Extracting URL: https://www.youtube.com/watch?v=HjbmfMn5qbo
[youtube] HjbmfMn5qbo: Downloading webpage
[youtube] HjbmfMn5qbo: Downloading tv client config
[youtube] HjbmfMn5qbo: Downloading tv player API JSON
ERROR: [youtube] HjbmfMn5qbo: The following content is not available on this app.. Watch on the latest version of YouTube.

--- --list-subs (client=web) ---
[youtube] Extracting URL: https://www.youtube.com/watch?v=HjbmfMn5qbo
[youtube] HjbmfMn5qbo: Downloading webpage
ERROR: [youtube] HjbmfMn5qbo: The following content is not available on this app.. Watch on the latest version of YouTube.

--- --list-subs (client=android) ---
[youtube] Extracting URL: https://www.youtube.com/watch?v=HjbmfMn5qbo
[youtube] HjbmfMn5qbo: Downloading webpage
[youtube] HjbmfMn5qbo: Downloading android player API JSON
WARNING: [youtube] HjbmfMn5qbo: android client https formats require a GVS PO Token which was not provided. They will be skipped as they may yield HTTP Error 403. You can manually pass a GVS PO Token for this client with --extractor-args "youtube:po_token=android.gvs+XXX". For more information, refer to  https://github.com/yt-dlp/yt-dlp/wiki/PO-Token-Guide . To enable these broken formats anyway, pass --extractor-args "youtube:formats=missing_pot"
HjbmfMn5qbo has no automatic captions
HjbmfMn5qbo has no subtitles
