No se pudieron obtener subtítulos.

--- --list-subs (client=mweb) ---
[youtube] Extracting URL: https://www.youtube.com/watch?v=Fj6s4pW8jbQ
[youtube] Fj6s4pW8jbQ: Downloading webpage
[youtube] Fj6s4pW8jbQ: Downloading mweb client config
[youtube] Fj6s4pW8jbQ: Downloading mweb player API JSON
[youtube] Fj6s4pW8jbQ: Downloading player 27422632-main
WARNING: [youtube] Falling back to generic n function search
         player = https://www.youtube.com/s/player/27422632/player_ias.vflset/en_US/base.js
WARNING: [youtube] Fj6s4pW8jbQ: nsig extraction failed: Some formats may be missing
         n = tUn4GOZW_x-Xs21Ar ; player = https://www.youtube.com/s/player/27422632/player_ias.vflset/en_US/base.js
         Please report this issue on  https://github.com/yt-dlp/yt-dlp/issues?q= , filling out the appropriate issue template. Confirm you are on the latest version using  yt-dlp -U
WARNING: [youtube] Fj6s4pW8jbQ: nsig extraction failed: Some formats may be missing
         n = rc9ZKY4l4clb56oeg ; player = https://www.youtube.com/s/player/27422632/player_ias.vflset/en_US/base.js
         Please report this issue on  https://github.com/yt-dlp/yt-dlp/issues?q= , filling out the appropriate issue template. Confirm you are on the latest version using  yt-dlp -U
ERROR: [youtube] Fj6s4pW8jbQ: The following content is not available on this app.. Watch on the latest version of YouTube.

--- --list-subs (client=tv) ---
[youtube] Extracting URL: https://www.youtube.com/watch?v=Fj6s4pW8jbQ
[youtube] Fj6s4pW8jbQ: Downloading webpage
[youtube] Fj6s4pW8jbQ: Downloading tv client config
[youtube] Fj6s4pW8jbQ: Downloading tv player API JSON
ERROR: [youtube] Fj6s4pW8jbQ: The following content is not available on this app.. Watch on the latest version of YouTube.

--- --list-subs (client=web) ---
[youtube] Extracting URL: https://www.youtube.com/watch?v=Fj6s4pW8jbQ
[youtube] Fj6s4pW8jbQ: Downloading webpage
ERROR: [youtube] Fj6s4pW8jbQ: The following content is not available on this app.. Watch on the latest version of YouTube.

--- --list-subs (client=android) ---
[youtube] Extracting URL: https://www.youtube.com/watch?v=Fj6s4pW8jbQ
[youtube] Fj6s4pW8jbQ: Downloading webpage
[youtube] Fj6s4pW8jbQ: Downloading android player API JSON
WARNING: [youtube] Fj6s4pW8jbQ: android client https formats require a GVS PO Token which was not provided. They will be skipped as they may yield HTTP Error 403. You can manually pass a GVS PO Token for this client with --extractor-args "youtube:po_token=android.gvs+XXX". For more information, refer to  https://github.com/yt-dlp/yt-dlp/wiki/PO-Token-Guide . To enable these broken formats anyway, pass --extractor-args "youtube:formats=missing_pot"
Fj6s4pW8jbQ has no automatic captions
Fj6s4pW8jbQ has no subtitles
