No se pudieron obtener subtítulos.

--- --list-subs (client=mweb) ---
[youtube] Extracting URL: https://www.youtube.com/watch?v=MJBK5uPxo5Y
[youtube] MJBK5uPxo5Y: Downloading webpage
[youtube] MJBK5uPxo5Y: Downloading mweb client config
[youtube] MJBK5uPxo5Y: Downloading mweb player API JSON
[youtube] MJBK5uPxo5Y: Downloading player 27422632-main
WARNING: [youtube] Falling back to generic n function search
         player = https://www.youtube.com/s/player/27422632/player_ias.vflset/en_US/base.js
WARNING: [youtube] MJBK5uPxo5Y: nsig extraction failed: Some formats may be missing
         n = JTeGmwtbRiN7DI4-8 ; player = https://www.youtube.com/s/player/27422632/player_ias.vflset/en_US/base.js
         Please report this issue on  https://github.com/yt-dlp/yt-dlp/issues?q= , filling out the appropriate issue template. Confirm you are on the latest version using  yt-dlp -U
WARNING: [youtube] MJBK5uPxo5Y: nsig extraction failed: Some formats may be missing
         n = EAggzb4rzczgkHJMy ; player = https://www.youtube.com/s/player/27422632/player_ias.vflset/en_US/base.js
         Please report this issue on  https://github.com/yt-dlp/yt-dlp/issues?q= , filling out the appropriate issue template. Confirm you are on the latest version using  yt-dlp -U
ERROR: [youtube] MJBK5uPxo5Y: The following content is not available on this app.. Watch on the latest version of YouTube.

--- --list-subs (client=tv) ---
[youtube] Extracting URL: https://www.youtube.com/watch?v=MJBK5uPxo5Y
[youtube] MJBK5uPxo5Y: Downloading webpage
[youtube] MJBK5uPxo5Y: Downloading tv client config
[youtube] MJBK5uPxo5Y: Downloading tv player API JSON
ERROR: [youtube] MJBK5uPxo5Y: The following content is not available on this app.. Watch on the latest version of YouTube.

--- --list-subs (client=web) ---
[youtube] Extracting URL: https://www.youtube.com/watch?v=MJBK5uPxo5Y
[youtube] MJBK5uPxo5Y: Downloading webpage
ERROR: [youtube] MJBK5uPxo5Y: The following content is not available on this app.. Watch on the latest version of YouTube.

--- --list-subs (client=android) ---
[youtube] Extracting URL: https://www.youtube.com/watch?v=MJBK5uPxo5Y
[youtube] MJBK5uPxo5Y: Downloading webpage
[youtube] MJBK5uPxo5Y: Downloading android player API JSON
WARNING: [youtube] MJBK5uPxo5Y: android client https formats require a GVS PO Token which was not provided. They will be skipped as they may yield HTTP Error 403. You can manually pass a GVS PO Token for this client with --extractor-args "youtube:po_token=android.gvs+XXX". For more information, refer to  https://github.com/yt-dlp/yt-dlp/wiki/PO-Token-Guide . To enable these broken formats anyway, pass --extractor-args "youtube:formats=missing_pot"
[info] Available automatic captions for MJBK5uPxo5Y:
Language Name    Formats
en       English vtt, srt, ttml, srv3, srv2, srv1, json3
MJBK5uPxo5Y has no subtitles
