No se pudieron obtener subtítulos.

--- --list-subs (client=mweb) ---
[youtube] Extracting URL: https://www.youtube.com/watch?v=YB17rtyAJeE
[youtube] YB17rtyAJeE: Downloading webpage
[youtube] YB17rtyAJeE: Downloading mweb client config
[youtube] YB17rtyAJeE: Downloading mweb player API JSON
[youtube] YB17rtyAJeE: Downloading player 27422632-main
WARNING: [youtube] Falling back to generic n function search
         player = https://www.youtube.com/s/player/27422632/player_ias.vflset/en_US/base.js
WARNING: [youtube] YB17rtyAJeE: nsig extraction failed: Some formats may be missing
         n = VtO0MJe3LwMLz1DD- ; player = https://www.youtube.com/s/player/27422632/player_ias.vflset/en_US/base.js
         Please report this issue on  https://github.com/yt-dlp/yt-dlp/issues?q= , filling out the appropriate issue template. Confirm you are on the latest version using  yt-dlp -U
WARNING: [youtube] YB17rtyAJeE: nsig extraction failed: Some formats may be missing
         n = K8C7rREnbKFP6YIoL ; player = https://www.youtube.com/s/player/27422632/player_ias.vflset/en_US/base.js
         Please report this issue on  https://github.com/yt-dlp/yt-dlp/issues?q= , filling out the appropriate issue template. Confirm you are on the latest version using  yt-dlp -U
ERROR: [youtube] YB17rtyAJeE: The following content is not available on this app.. Watch on the latest version of YouTube.

--- --list-subs (client=tv) ---
[youtube] Extracting URL: https://www.youtube.com/watch?v=YB17rtyAJeE
[youtube] YB17rtyAJeE: Downloading webpage
[youtube] YB17rtyAJeE: Downloading tv client config
[youtube] YB17rtyAJeE: Downloading tv player API JSON
ERROR: [youtube] YB17rtyAJeE: The following content is not available on this app.. Watch on the latest version of YouTube.

--- --list-subs (client=web) ---
[youtube] Extracting URL: https://www.youtube.com/watch?v=YB17rtyAJeE
[youtube] YB17rtyAJeE: Downloading webpage
ERROR: [youtube] YB17rtyAJeE: The following content is not available on this app.. Watch on the latest version of YouTube.

--- --list-subs (client=android) ---
[youtube] Extracting URL: https://www.youtube.com/watch?v=YB17rtyAJeE
[youtube] YB17rtyAJeE: Downloading webpage
[youtube] YB17rtyAJeE: Downloading android player API JSON
WARNING: [youtube] YB17rtyAJeE: android client https formats require a GVS PO Token which was not provided. They will be skipped as they may yield HTTP Error 403. You can manually pass a GVS PO Token for this client with --extractor-args "youtube:po_token=android.gvs+XXX". For more information, refer to  https://github.com/yt-dlp/yt-dlp/wiki/PO-Token-Guide . To enable these broken formats anyway, pass --extractor-args "youtube:formats=missing_pot"
[info] Available automatic captions for YB17rtyAJeE:
Language Name    Formats
en       English vtt, srt, ttml, srv3, srv2, srv1, json3
YB17rtyAJeE has no subtitles
