No se pudieron obtener subtítulos.

--- --list-subs (client=mweb) ---
[youtube] Extracting URL: https://www.youtube.com/watch?v=scAZSS1zQM4
[youtube] scAZSS1zQM4: Downloading webpage
[youtube] scAZSS1zQM4: Downloading mweb client config
[youtube] scAZSS1zQM4: Downloading mweb player API JSON
[youtube] scAZSS1zQM4: Downloading player 27422632-main
WARNING: [youtube] Falling back to generic n function search
         player = https://www.youtube.com/s/player/27422632/player_ias.vflset/en_US/base.js
WARNING: [youtube] scAZSS1zQM4: nsig extraction failed: Some formats may be missing
         n = StF75MuJqn3oAScNL ; player = https://www.youtube.com/s/player/27422632/player_ias.vflset/en_US/base.js
         Please report this issue on  https://github.com/yt-dlp/yt-dlp/issues?q= , filling out the appropriate issue template. Confirm you are on the latest version using  yt-dlp -U
WARNING: [youtube] scAZSS1zQM4: nsig extraction failed: Some formats may be missing
         n = 9_uwkyMMdcBwjG3LG ; player = https://www.youtube.com/s/player/27422632/player_ias.vflset/en_US/base.js
         Please report this issue on  https://github.com/yt-dlp/yt-dlp/issues?q= , filling out the appropriate issue template. Confirm you are on the latest version using  yt-dlp -U
ERROR: [youtube] scAZSS1zQM4: The following content is not available on this app.. Watch on the latest version of YouTube.

--- --list-subs (client=tv) ---
[youtube] Extracting URL: https://www.youtube.com/watch?v=scAZSS1zQM4
[youtube] scAZSS1zQM4: Downloading webpage
[youtube] scAZSS1zQM4: Downloading tv client config
[youtube] scAZSS1zQM4: Downloading tv player API JSON
ERROR: [youtube] scAZSS1zQM4: The following content is not available on this app.. Watch on the latest version of YouTube.

--- --list-subs (client=web) ---
[youtube] Extracting URL: https://www.youtube.com/watch?v=scAZSS1zQM4
[youtube] scAZSS1zQM4: Downloading webpage
ERROR: [youtube] scAZSS1zQM4: The following content is not available on this app.. Watch on the latest version of YouTube.

--- --list-subs (client=android) ---
[youtube] Extracting URL: https://www.youtube.com/watch?v=scAZSS1zQM4
[youtube] scAZSS1zQM4: Downloading webpage
[youtube] scAZSS1zQM4: Downloading android player API JSON
WARNING: [youtube] scAZSS1zQM4: android client https formats require a GVS PO Token which was not provided. They will be skipped as they may yield HTTP Error 403. You can manually pass a GVS PO Token for this client with --extractor-args "youtube:po_token=android.gvs+XXX". For more information, refer to  https://github.com/yt-dlp/yt-dlp/wiki/PO-Token-Guide . To enable these broken formats anyway, pass --extractor-args "youtube:formats=missing_pot"
[info] Available automatic captions for scAZSS1zQM4:
Language Name    Formats
en       English vtt, srt, ttml, srv3, srv2, srv1, json3
scAZSS1zQM4 has no subtitles
