No se pudieron obtener subtítulos.

--- --list-subs (client=mweb) ---
[youtube] Extracting URL: https://www.youtube.com/watch?v=KuwheWS7MHQ
[youtube] KuwheWS7MHQ: Downloading webpage
[youtube] KuwheWS7MHQ: Downloading mweb client config
[youtube] KuwheWS7MHQ: Downloading mweb player API JSON
[youtube] KuwheWS7MHQ: Downloading player 27422632-main
WARNING: [youtube] Falling back to generic n function search
         player = https://www.youtube.com/s/player/27422632/player_ias.vflset/en_US/base.js
WARNING: [youtube] KuwheWS7MHQ: nsig extraction failed: Some formats may be missing
         n = U2F5TQr2c4JjfRa2G ; player = https://www.youtube.com/s/player/27422632/player_ias.vflset/en_US/base.js
         Please report this issue on  https://github.com/yt-dlp/yt-dlp/issues?q= , filling out the appropriate issue template. Confirm you are on the latest version using  yt-dlp -U
WARNING: [youtube] KuwheWS7MHQ: nsig extraction failed: Some formats may be missing
         n = aeFXdty6a3S-bxOSr ; player = https://www.youtube.com/s/player/27422632/player_ias.vflset/en_US/base.js
         Please report this issue on  https://github.com/yt-dlp/yt-dlp/issues?q= , filling out the appropriate issue template. Confirm you are on the latest version using  yt-dlp -U
ERROR: [youtube] KuwheWS7MHQ: The following content is not available on this app.. Watch on the latest version of YouTube.

--- --list-subs (client=tv) ---
[youtube] Extracting URL: https://www.youtube.com/watch?v=KuwheWS7MHQ
[youtube] KuwheWS7MHQ: Downloading webpage
[youtube] KuwheWS7MHQ: Downloading tv client config
[youtube] KuwheWS7MHQ: Downloading tv player API JSON
ERROR: [youtube] KuwheWS7MHQ: The following content is not available on this app.. Watch on the latest version of YouTube.

--- --list-subs (client=web) ---
[youtube] Extracting URL: https://www.youtube.com/watch?v=KuwheWS7MHQ
[youtube] KuwheWS7MHQ: Downloading webpage
ERROR: [youtube] KuwheWS7MHQ: The following content is not available on this app.. Watch on the latest version of YouTube.

--- --list-subs (client=android) ---
[youtube] Extracting URL: https://www.youtube.com/watch?v=KuwheWS7MHQ
[youtube] KuwheWS7MHQ: Downloading webpage
[youtube] KuwheWS7MHQ: Downloading android player API JSON
WARNING: [youtube] KuwheWS7MHQ: android client https formats require a GVS PO Token which was not provided. They will be skipped as they may yield HTTP Error 403. You can manually pass a GVS PO Token for this client with --extractor-args "youtube:po_token=android.gvs+XXX". For more information, refer to  https://github.com/yt-dlp/yt-dlp/wiki/PO-Token-Guide . To enable these broken formats anyway, pass --extractor-args "youtube:formats=missing_pot"
[info] Available automatic captions for KuwheWS7MHQ:
Language Name    Formats
en       English vtt, srt, ttml, srv3, srv2, srv1, json3
KuwheWS7MHQ has no subtitles
