No se pudieron obtener subtítulos.

--- --list-subs (client=mweb) ---
[youtube] Extracting URL: https://www.youtube.com/watch?v=cABBhB5O6cM
[youtube] cABBhB5O6cM: Downloading webpage
[youtube] cABBhB5O6cM: Downloading mweb client config
[youtube] cABBhB5O6cM: Downloading mweb player API JSON
[youtube] cABBhB5O6cM: Downloading player 27422632-main
WARNING: [youtube] Falling back to generic n function search
         player = https://www.youtube.com/s/player/27422632/player_ias.vflset/en_US/base.js
WARNING: [youtube] cABBhB5O6cM: nsig extraction failed: Some formats may be missing
         n = md_6gKJB-gCoZe4WA ; player = https://www.youtube.com/s/player/27422632/player_ias.vflset/en_US/base.js
         Please report this issue on  https://github.com/yt-dlp/yt-dlp/issues?q= , filling out the appropriate issue template. Confirm you are on the latest version using  yt-dlp -U
WARNING: [youtube] cABBhB5O6cM: nsig extraction failed: Some formats may be missing
         n = pJYlxwqRHC7cjYO0L ; player = https://www.youtube.com/s/player/27422632/player_ias.vflset/en_US/base.js
         Please report this issue on  https://github.com/yt-dlp/yt-dlp/issues?q= , filling out the appropriate issue template. Confirm you are on the latest version using  yt-dlp -U
ERROR: [youtube] cABBhB5O6cM: The following content is not available on this app.. Watch on the latest version of YouTube.

--- --list-subs (client=tv) ---
[youtube] Extracting URL: https://www.youtube.com/watch?v=cABBhB5O6cM
[youtube] cABBhB5O6cM: Downloading webpage
[youtube] cABBhB5O6cM: Downloading tv client config
[youtube] cABBhB5O6cM: Downloading tv player API JSON
ERROR: [youtube] cABBhB5O6cM: The following content is not available on this app.. Watch on the latest version of YouTube.

--- --list-subs (client=web) ---
[youtube] Extracting URL: https://www.youtube.com/watch?v=cABBhB5O6cM
[youtube] cABBhB5O6cM: Downloading webpage
ERROR: [youtube] cABBhB5O6cM: The following content is not available on this app.. Watch on the latest version of YouTube.

--- --list-subs (client=android) ---
[youtube] Extracting URL: https://www.youtube.com/watch?v=cABBhB5O6cM
[youtube] cABBhB5O6cM: Downloading webpage
[youtube] cABBhB5O6cM: Downloading android player API JSON
WARNING: [youtube] cABBhB5O6cM: android client https formats require a GVS PO Token which was not provided. They will be skipped as they may yield HTTP Error 403. You can manually pass a GVS PO Token for this client with --extractor-args "youtube:po_token=android.gvs+XXX". For more information, refer to  https://github.com/yt-dlp/yt-dlp/wiki/PO-Token-Guide . To enable these broken formats anyway, pass --extractor-args "youtube:formats=missing_pot"
cABBhB5O6cM has no automatic captions
cABBhB5O6cM has no subtitles
